An error occurred: UndefinedBehavior(AccessOutOfBounds(Provenance { alloc_id: ALLOC, bor_tag: <TAG>, alloc_info: $HEX }, 4, 4))


