An error occurred: UndefinedBehavior(UseAfterFree(ALLOC))


