An error occurred: UndefinedBehavior(AliasingViolation(TreeError { error_kind: ChildAccessForbidden(Permission { inner: Disabled }), alloc_id: ALLOC, error_offset: 0, conflicting_info: NodeDebugInfo { tag: <TAG>, name: None, history: History { tag: <TAG>, created: (Span(0), Permission { inner: ReservedFrz { conflicted: false } }), events: [Event { transition: PermTransition { from: ReservedFrz { conflicted: false }, to: Disabled }, access_cause: Explicit(Write), is_foreign: true, access_range: Some(AllocRange { start: size0, size: size4 }), transition_range: 0..4, span: Span(0) }] } }, access_cause: Explicit(Write), accessed_info: NodeDebugInfo { tag: <TAG>, name: None, history: History { tag: <TAG>, created: (Span(0), Permission { inner: ReservedFrz { conflicted: false } }), events: [Event { transition: PermTransition { from: ReservedFrz { conflicted: false }, to: Disabled }, access_cause: Explicit(Write), is_foreign: true, access_range: Some(AllocRange { start: size0, size: size4 }), transition_range: 0..4, span: Span(0) }] } } }))


